../Drivers/STM32WBAxx_HAL_Driver/Inc/stm32wbaxx_ll_pwr.h:852:22:LL_PWR_SetICacheRAMStopRetention	1
../Drivers/STM32WBAxx_HAL_Driver/Inc/stm32wbaxx_ll_icache.h:219:22:LL_ICACHE_Enable	1
../Drivers/STM32WBAxx_HAL_Driver/Inc/stm32wbaxx_ll_icache.h:252:22:LL_ICACHE_SetMode	1
../Core/Src/main.c:93:5:__io_putchar	1
../Core/Src/main.c:99:6:Displej_Total_Clear	2
../Core/Src/main.c:123:5:main	3
../Core/Src/main.c:217:6:SystemClock_Config	5
../Core/Src/main.c:285:6:PeriphCommonClock_Config	2
../Core/Src/main.c:305:13:MX_I2C1_Init	4
../Core/Src/main.c:353:6:MX_ICACHE_Init	1
../Core/Src/main.c:383:6:MX_RAMCFG_Init	3
../Core/Src/main.c:416:6:MX_RNG_Init	2
../Core/Src/main.c:443:6:MX_RTC_Init	5
../Core/Src/main.c:513:6:MX_USART1_UART_Init	5
../Core/Src/main.c:561:13:MX_GPIO_Init	1
../Core/Src/main.c:615:6:HAL_GPIO_EXTI_Rising_Callback	2
../Core/Src/main.c:633:6:Error_Handler	1
