../Drivers/STM32WBAxx_HAL_Driver/Inc/stm32wbaxx_ll_pwr.h:852:22:LL_PWR_SetICacheRAMStopRetention	16	static
../Drivers/STM32WBAxx_HAL_Driver/Inc/stm32wbaxx_ll_icache.h:219:22:LL_ICACHE_Enable	4	static
../Drivers/STM32WBAxx_HAL_Driver/Inc/stm32wbaxx_ll_icache.h:252:22:LL_ICACHE_SetMode	16	static
../Core/Src/main.c:88:6:BMP180_Init	48	static
../Core/Src/main.c:113:7:BMP180_ReadTemperature	48	static
../Core/Src/main.c:144:5:main	24	static
../Core/Src/main.c:222:6:SystemClock_Config	104	static
../Core/Src/main.c:290:6:PeriphCommonClock_Config	80	static
../Core/Src/main.c:310:13:MX_GPDMA1_Init	16	static
../Core/Src/main.c:340:13:MX_I2C3_Init	8	static
../Core/Src/main.c:388:6:MX_ICACHE_Init	8	static
../Core/Src/main.c:418:6:MX_RAMCFG_Init	8	static
../Core/Src/main.c:451:6:MX_RNG_Init	8	static
../Core/Src/main.c:478:6:MX_RTC_Init	88	static
../Core/Src/main.c:548:13:MX_TIM2_Init	40	static
../Core/Src/main.c:593:6:MX_USART1_UART_Init	8	static
../Core/Src/main.c:641:13:MX_GPIO_Init	40	static
../Core/Src/main.c:698:6:HAL_GPIO_EXTI_Rising_Callback	16	static
../Core/Src/main.c:715:6:HAL_GPIO_EXTI_Falling_Callback	16	static
../Core/Src/main.c:722:6:HAL_TIM_PeriodElapsedCallback	16	static
../Core/Src/main.c:754:6:Error_Handler	4	static,ignoring_inline_asm
