../Drivers/STM32WBAxx_HAL_Driver/Inc/stm32wbaxx_ll_pwr.h:852:22:LL_PWR_SetICacheRAMStopRetention	1
../Drivers/STM32WBAxx_HAL_Driver/Inc/stm32wbaxx_ll_icache.h:219:22:LL_ICACHE_Enable	1
../Drivers/STM32WBAxx_HAL_Driver/Inc/stm32wbaxx_ll_icache.h:252:22:LL_ICACHE_SetMode	1
../Core/Src/main.c:88:6:BMP180_Init	2
../Core/Src/main.c:113:7:BMP180_ReadTemperature	1
../Core/Src/main.c:144:5:main	2
../Core/Src/main.c:222:6:SystemClock_Config	5
../Core/Src/main.c:290:6:PeriphCommonClock_Config	2
../Core/Src/main.c:310:13:MX_GPDMA1_Init	1
../Core/Src/main.c:340:13:MX_I2C3_Init	4
../Core/Src/main.c:388:6:MX_ICACHE_Init	1
../Core/Src/main.c:418:6:MX_RAMCFG_Init	3
../Core/Src/main.c:451:6:MX_RNG_Init	2
../Core/Src/main.c:478:6:MX_RTC_Init	5
../Core/Src/main.c:548:13:MX_TIM2_Init	4
../Core/Src/main.c:593:6:MX_USART1_UART_Init	5
../Core/Src/main.c:641:13:MX_GPIO_Init	1
../Core/Src/main.c:698:6:HAL_GPIO_EXTI_Rising_Callback	3
../Core/Src/main.c:715:6:HAL_GPIO_EXTI_Falling_Callback	2
../Core/Src/main.c:722:6:HAL_TIM_PeriodElapsedCallback	4
../Core/Src/main.c:754:6:Error_Handler	1
