../STM32_WPAN/App/app_zigbee_endpoint.c:168:6:APP_ZIGBEE_ApplicationInit	8	static
../STM32_WPAN/App/app_zigbee_endpoint.c:200:6:APP_ZIGBEE_ApplicationStart	8	static
../STM32_WPAN/App/app_zigbee_endpoint.c:219:6:APP_ZIGBEE_ConfigEndpoints	40	static
../STM32_WPAN/App/app_zigbee_endpoint.c:280:6:APP_ZIGBEE_ConfigGroupAddr	4	static
../STM32_WPAN/App/app_zigbee_endpoint.c:292:6:APP_ZIGBEE_GetStartupConfig	24	static
../STM32_WPAN/App/app_zigbee_endpoint.c:326:6:APP_ZIGBEE_SetNewDevice	448	static
../STM32_WPAN/App/app_zigbee_endpoint.c:359:6:APP_ZIGBEE_PrintApplicationInfo	8	static
../STM32_WPAN/App/app_zigbee_endpoint.c:386:28:APP_ZIGBEE_OnOffServerOffCallback	32	static
../STM32_WPAN/App/app_zigbee_endpoint.c:400:28:APP_ZIGBEE_OnOffServerOnCallback	32	static
../STM32_WPAN/App/app_zigbee_endpoint.c:414:28:APP_ZIGBEE_OnOffServerToggleCallback	32	static
../STM32_WPAN/App/app_zigbee_endpoint.c:428:13:APP_ZIGBEE_IasZoneClientZoneStatusChangeCallback	24	static
../STM32_WPAN/App/app_zigbee_endpoint.c:451:28:APP_ZIGBEE_IasZoneClientZoneEnrollReqCallback	24	static
../STM32_WPAN/App/app_zigbee_endpoint.c:471:13:APP_ZIGBEE_TempMeasServerReport	32	static
../STM32_WPAN/App/app_zigbee_endpoint.c:493:28:APP_ZIGBEE_TempMeasServerCommand	24	static
../STM32_WPAN/App/app_zigbee_endpoint.c:501:6:APP_ZIGBEE_ConfigReporting	240	static
../STM32_WPAN/App/app_zigbee_endpoint.c:523:6:ZIGBEE_Precti_Teplotu	104	static
../STM32_WPAN/App/app_zigbee_endpoint.c:536:13:APP_ZIGBEE_TeplotaOdpovedCallback	24	static
../STM32_WPAN/App/app_zigbee_endpoint.c:548:6:ZIGBEE_Cluster_Dashboard	24	static
../STM32_WPAN/App/app_zigbee_endpoint.c:590:13:My_IAS_Write_CB	16	static
