../STM32_WPAN/App/app_zigbee.c:110:6:APP_ZIGBEE_NwkFormOrJoinTaskInit	16	static
../STM32_WPAN/App/app_zigbee.c:138:13:APP_ZIGBEE_ConfigBasicServer	8	static
../STM32_WPAN/App/app_zigbee.c:174:6:APP_ZIGBEE_StackLayersInit	8	static
../STM32_WPAN/App/app_zigbee.c:224:13:APP_ZIGBEE_ZbCallbackTimeOutTimerCallback	16	static
../STM32_WPAN/App/app_zigbee.c:240:13:APP_ZIGBEE_ZbStartupCallback	16	static
../STM32_WPAN/App/app_zigbee.c:255:6:APP_ZIGBEE_ZbRestartJoinTimerCallback	16	static
../STM32_WPAN/App/app_zigbee.c:266:13:APP_ZIGBEE_WaitForCallback	16	static
../STM32_WPAN/App/app_zigbee.c:282:13:APP_ZIGBEE_BlinckLedTimerCallback	16	static
../STM32_WPAN/App/app_zigbee.c:295:6:APP_ZIGBEE_NwkFormOrJoin	544	static
../STM32_WPAN/App/app_zigbee.c:365:13:APP_ZIGBEE_ConfigMeshNetwork	24	static
../STM32_WPAN/App/app_zigbee.c:396:30:APP_ZIGBEE_DeviceJointCallback	40	static
../STM32_WPAN/App/app_zigbee.c:434:13:APP_ZIGBEE_ZbZdoPermitJoinReqCallback	16	static
../STM32_WPAN/App/app_zigbee.c:453:6:APP_ZIGBEE_PermitJoin	88	static
../STM32_WPAN/App/app_zigbee.c:476:6:APP_ZIGBEE_IsAppliJoinNetwork	24	static
../STM32_WPAN/App/app_zigbee.c:498:6:APP_ZIGBEE_GetCurrentChannel	136	static
../STM32_WPAN/App/app_zigbee.c:540:6:APP_ZIGBEE_SetTxPower	16	static
../STM32_WPAN/App/app_zigbee.c:551:8:APP_ZIGBEE_GetDisplaySecKey	24	static
../STM32_WPAN/App/app_zigbee.c:583:6:APP_ZIGBEE_PrintGenericInfo	4	static
../STM32_WPAN/App/app_zigbee.c:610:13:APP_ZIGBEE_Printf	24	static
../STM32_WPAN/App/app_zigbee.c:626:6:APP_ZIGBEE_Error	16	static
../STM32_WPAN/App/app_zigbee.c:643:13:APP_ZIGBEE_TraceError	16	static
../STM32_WPAN/App/app_zigbee.c:664:6:APP_ZIGBEE_SerialCommandInstallCode	104	static
